
> cmuxlayer@0.1.0 test
> vitest run

/workspace/node_modules/rollup/dist/native.js:115
		throw new Error(
		      ^

Error: Cannot find module @rollup/rollup-linux-x64-gnu. npm has a bug related to optional dependencies (https://github.com/npm/cli/issues/4828). Please try `npm i` again after removing both package-lock.json and node_modules directory.
    at requireWithFriendlyError (/workspace/node_modules/rollup/dist/native.js:115:9)
    at Object.<anonymous> (/workspace/node_modules/rollup/dist/native.js:124:76)
    at Module._compile (node:internal/modules/cjs/loader:1781:14)
    at Object..js (node:internal/modules/cjs/loader:1913:10)
    at Module.load (node:internal/modules/cjs/loader:1505:32)
    at Function._load (node:internal/modules/cjs/loader:1309:12)
    at wrapModuleLoad (node:internal/modules/cjs/loader:254:19)
    at loadCJSModuleWithModuleLoad (node:internal/modules/esm/translators:335:3)
    at ModuleWrap.<anonymous> (node:internal/modules/esm/translators:235:7)
    at ModuleJob.run (node:internal/modules/esm/module_job:343:25) {
  [cause]: Error: Cannot find module '@rollup/rollup-linux-x64-gnu'
  Require stack:
  - /workspace/node_modules/rollup/dist/native.js
      at Function._resolveFilename (node:internal/modules/cjs/loader:1430:15)
      at defaultResolveImpl (node:internal/modules/cjs/loader:1040:19)
      at resolveForCJSWithHooks (node:internal/modules/cjs/loader:1045:22)
      at Function._load (node:internal/modules/cjs/loader:1216:25)
      at wrapModuleLoad (node:internal/modules/cjs/loader:254:19)
      at Module.require (node:internal/modules/cjs/loader:1527:12)
      at require (node:internal/modules/helpers:147:16)
      at requireWithFriendlyError (/workspace/node_modules/rollup/dist/native.js:97:10)
      at Object.<anonymous> (/workspace/node_modules/rollup/dist/native.js:124:76)
      at Module._compile (node:internal/modules/cjs/loader:1781:14) {
    code: 'MODULE_NOT_FOUND',
    requireStack: [ '/workspace/node_modules/rollup/dist/native.js' ]
  }
}

Node.js v22.22.3
